<?xml version="1.0" encoding="UTF-8"?>
<testsuites name="jest tests" tests="1" failures="0" time="3.025">
  <testsuite name="HelloWorld.vue" errors="0" failures="0" skipped="0" timestamp="2020-04-29T16:42:30" time="2.375" tests="1">
    <testcase classname="HelloWorld.vue renders props.msg when passed" name="HelloWorld.vue renders props.msg when passed" time="0.023">
    </testcase>
  </testsuite>
</testsuites>